// Jest Snapshot v1, https://goo.gl/fbAQLP

exports[`rendered correctly 1`] = `
Array [
  <header>
    <h1>
      About The 
      Test Project
    </h1>
  </header>,
  <div
    dangerouslySetInnerHTML={
      Object {
        "__html": "<p>About!</p>",
      }
    }
  />,
]
`;
