// Jest Snapshot v1, https://goo.gl/fbAQLP

exports[`rendered correctly 1`] = `
Array [
  <header>
    <h1>
      Test Project
       News
    </h1>
  </header>,
  <p>
    <i>
      Not yet implemented
    </i>
  </p>,
]
`;
