// Jest Snapshot v1, https://goo.gl/fbAQLP

exports[`rendered correctly 1`] = `
Array [
  <header>
    <h1>
      Share
    </h1>
  </header>,
  <p>
    <i>
      No idea what this is supposed to be
    </i>
  </p>,
]
`;
