// Jest Snapshot v1, https://goo.gl/fbAQLP

exports[`can render WAISTUIAgeGenderType renders correctly 1`] = `
<div
  className="reason badge badge-primary"
>
  <svg
    aria-hidden="true"
    className="svg-inline--fa fa-transgender-alt fa-w-15 "
    data-icon="transgender-alt"
    data-prefix="fas"
    focusable="false"
    role="img"
    style={Object {}}
    viewBox="0 0 480 512"
    xmlns="http://www.w3.org/2000/svg"
  >
    <path
      d="M468 0h-79c-10.7 0-16 12.9-8.5 20.5l16.9 16.9-80.7 80.7C294.5 104.1 268.2 96 240 96c-28.2 0-54.5 8.1-76.7 22.1l-16.5-16.5 19.8-19.8c4.7-4.7 4.7-12.3 0-17l-28.3-28.3c-4.7-4.7-12.3-4.7-17 0l-19.8 19.8-19-19 16.9-16.9C107.1 12.9 101.7 0 91 0H12C5.4 0 0 5.4 0 12v79c0 10.7 12.9 16 20.5 8.5l16.9-16.9 19 19-19.8 19.8c-4.7 4.7-4.7 12.3 0 17l28.3 28.3c4.7 4.7 12.3 4.7 17 0l19.8-19.8 16.5 16.5C104.1 185.5 96 211.8 96 240c0 68.5 47.9 125.9 112 140.4V408h-36c-6.6 0-12 5.4-12 12v40c0 6.6 5.4 12 12 12h36v28c0 6.6 5.4 12 12 12h40c6.6 0 12-5.4 12-12v-28h36c6.6 0 12-5.4 12-12v-40c0-6.6-5.4-12-12-12h-36v-27.6c64.1-14.6 112-71.9 112-140.4 0-28.2-8.1-54.5-22.1-76.7l80.7-80.7 16.9 16.9c7.6 7.6 20.5 2.2 20.5-8.5V12c0-6.6-5.4-12-12-12zM240 320c-44.1 0-80-35.9-80-80s35.9-80 80-80 80 35.9 80 80-35.9 80-80 80z"
      fill="currentColor"
      style={Object {}}
    />
  </svg>
  <span
    className="reason-name"
  >
    Age and Gender
  </span>
</div>
`;

exports[`can render WAISTUICustomAudienceType renders correctly 1`] = `
<div
  className="reason badge badge-primary"
>
  <svg
    aria-hidden="true"
    className="svg-inline--fa fa-users fa-w-20 "
    data-icon="users"
    data-prefix="fas"
    focusable="false"
    role="img"
    style={Object {}}
    viewBox="0 0 640 512"
    xmlns="http://www.w3.org/2000/svg"
  >
    <path
      d="M96 224c35.3 0 64-28.7 64-64s-28.7-64-64-64-64 28.7-64 64 28.7 64 64 64zm448 0c35.3 0 64-28.7 64-64s-28.7-64-64-64-64 28.7-64 64 28.7 64 64 64zm32 32h-64c-17.6 0-33.5 7.1-45.1 18.6 40.3 22.1 68.9 62 75.1 109.4h66c17.7 0 32-14.3 32-32v-32c0-35.3-28.7-64-64-64zm-256 0c61.9 0 112-50.1 112-112S381.9 32 320 32 208 82.1 208 144s50.1 112 112 112zm76.8 32h-8.3c-20.8 10-43.9 16-68.5 16s-47.6-6-68.5-16h-8.3C179.6 288 128 339.6 128 403.2V432c0 26.5 21.5 48 48 48h288c26.5 0 48-21.5 48-48v-28.8c0-63.6-51.6-115.2-115.2-115.2zm-223.7-13.4C161.5 263.1 145.6 256 128 256H64c-35.3 0-64 28.7-64 64v32c0 17.7 14.3 32 32 32h65.9c6.3-47.4 34.9-87.3 75.2-109.4z"
      fill="currentColor"
      style={Object {}}
    />
  </svg>
  <span
    className="reason-name"
  >
    Custom Audience
  </span>
</div>
`;

exports[`can render WAISTUILocaleType renders correctly 1`] = `
<div
  className="reason badge badge-primary"
>
  <svg
    aria-hidden="true"
    className="svg-inline--fa fa-globe fa-w-16 "
    data-icon="globe"
    data-prefix="fas"
    focusable="false"
    role="img"
    style={Object {}}
    viewBox="0 0 496 512"
    xmlns="http://www.w3.org/2000/svg"
  >
    <path
      d="M336.5 160C322 70.7 287.8 8 248 8s-74 62.7-88.5 152h177zM152 256c0 22.2 1.2 43.5 3.3 64h185.3c2.1-20.5 3.3-41.8 3.3-64s-1.2-43.5-3.3-64H155.3c-2.1 20.5-3.3 41.8-3.3 64zm324.7-96c-28.6-67.9-86.5-120.4-158-141.6 24.4 33.8 41.2 84.7 50 141.6h108zM177.2 18.4C105.8 39.6 47.8 92.1 19.3 160h108c8.7-56.9 25.5-107.8 49.9-141.6zM487.4 192H372.7c2.1 21 3.3 42.5 3.3 64s-1.2 43-3.3 64h114.6c5.5-20.5 8.6-41.8 8.6-64s-3.1-43.5-8.5-64zM120 256c0-21.5 1.2-43 3.3-64H8.6C3.2 212.5 0 233.8 0 256s3.2 43.5 8.6 64h114.6c-2-21-3.2-42.5-3.2-64zm39.5 96c14.5 89.3 48.7 152 88.5 152s74-62.7 88.5-152h-177zm159.3 141.6c71.4-21.2 129.4-73.7 158-141.6h-108c-8.8 56.9-25.6 107.8-50 141.6zM19.3 352c28.6 67.9 86.5 120.4 158 141.6-24.4-33.8-41.2-84.7-50-141.6h-108z"
      fill="currentColor"
      style={Object {}}
    />
  </svg>
  <span
    className="reason-name"
  >
    Locale
  </span>
</div>
`;

exports[`can render WAISTUILocationType renders correctly 1`] = `
<div
  className="reason badge badge-primary"
>
  <svg
    aria-hidden="true"
    className="svg-inline--fa fa-map-marker fa-w-12 "
    data-icon="map-marker"
    data-prefix="fas"
    focusable="false"
    role="img"
    style={Object {}}
    viewBox="0 0 384 512"
    xmlns="http://www.w3.org/2000/svg"
  >
    <path
      d="M172.268 501.67C26.97 291.031 0 269.413 0 192 0 85.961 85.961 0 192 0s192 85.961 192 192c0 77.413-26.97 99.031-172.268 309.67-9.535 13.774-29.93 13.773-39.464 0z"
      fill="currentColor"
      style={Object {}}
    />
  </svg>
  <span
    className="reason-name"
  >
    Location
  </span>
</div>
`;

exports[`can render other renders correctly 1`] = `
<div
  className="reason badge badge-primary"
>
  <svg
    aria-hidden="true"
    className="svg-inline--fa fa-dot-circle fa-w-16 "
    data-icon="dot-circle"
    data-prefix="fas"
    focusable="false"
    role="img"
    style={Object {}}
    viewBox="0 0 512 512"
    xmlns="http://www.w3.org/2000/svg"
  >
    <path
      d="M256 8C119.033 8 8 119.033 8 256s111.033 248 248 248 248-111.033 248-248S392.967 8 256 8zm80 248c0 44.112-35.888 80-80 80s-80-35.888-80-80 35.888-80 80-80 80 35.888 80 80z"
      fill="currentColor"
      style={Object {}}
    />
  </svg>
  <span
    className="reason-name"
  >
    other
  </span>
</div>
`;
